cargo : warning: hiding a lifetime that's elided elsewhere is 
confusing
At line:1 char:1
+ cargo check 2> build_error.log
+ ~~~~~~~~~~~~~~~~~~~~~~~~~~~~~~
    + CategoryInfo          : NotSpecified: (warning: hiding. 
   ..re is confusing:String) [], RemoteException
    + FullyQualifiedErrorId : NativeCommandError
 
  --> 
patches\wgpu-core-26.0.1\src\command\memory_init.rs:43:38
   |
43 |     pub(crate) fn drain_init_actions(&mut self) -> 
Drain<TextureInitTrackerAction> {
   |                                      ^^^^^^^^^     
^^^^^^^^^^^^^^^^^^^^^^^^^^^^^^^ the same lifetime is hidden 
here
   |                                      |
   |                                      the lifetime is 
elided here
   |
   = help: the same lifetime is referred to in inconsistent 
ways, making the signature confusing
   = note: `#[warn(mismatched_lifetime_syntaxes)]` on by 
default
help: use `'_` for type paths
   |
43 |     pub(crate) fn drain_init_actions(&mut self) -> 
Drain<'_, TextureInitTrackerAction> {
   |                                                          
+++

warning: hiding a lifetime that's elided elsewhere is 
confusing
   --> patches\wgpu-core-26.0.1\src\init_tracker\mod.rs:224:33
    |
224 |     pub(crate) fn uninitialized(&mut self, drain_range: 
Range<Idx>) -> UninitializedIter<Idx> {
    |                                 ^^^^^^^^^ the lifetime 
is elided here  ^^^^^^^^^^^^^^^^^^^^^^ the same lifetime is 
hidden here
    |
    = help: the same lifetime is referred to in inconsistent 
ways, making the signature confusing
help: use `'_` for type paths
    |
224 |     pub(crate) fn uninitialized(&mut self, drain_range: 
Range<Idx>) -> UninitializedIter<'_, Idx> {
    |                                                         
                                 +++

warning: hiding a lifetime that's elided elsewhere is 
confusing
   --> patches\wgpu-core-26.0.1\src\init_tracker\mod.rs:236:25
    |
236 |     pub(crate) fn drain(&mut self, drain_range: 
Range<Idx>) -> InitTrackerDrain<Idx> {
    |                         ^^^^^^^^^ the lifetime is 
elided here  ^^^^^^^^^^^^^^^^^^^^^ the same lifetime is 
hidden here
    |
    = help: the same lifetime is referred to in inconsistent 
ways, making the signature confusing
help: use `'_` for type paths
    |
236 |     pub(crate) fn drain(&mut self, drain_range: 
Range<Idx>) -> InitTrackerDrain<'_, Idx> {
    |                                                         
                        +++

warning: hiding a lifetime that's elided elsewhere is 
confusing
   --> patches\wgpu-core-26.0.1\src\lock\ranked.rs:188:17
    |
188 |     pub fn lock(&self) -> MutexGuard<T> {
    |                 ^^^^^     ^^^^^^^^^^^^^ the same 
lifetime is hidden here
    |                 |
    |                 the lifetime is elided here
    |
    = help: the same lifetime is referred to in inconsistent 
ways, making the signature confusing
help: use `'_` for type paths
    |
188 |     pub fn lock(&self) -> MutexGuard<'_, T> {
    |                                      +++

warning: hiding a lifetime that's elided elsewhere is 
confusing
   --> patches\wgpu-core-26.0.1\src\lock\ranked.rs:259:17
    |
259 |     pub fn read(&self) -> RwLockReadGuard<T> {
    |                 ^^^^^     ^^^^^^^^^^^^^^^^^^ the same 
lifetime is hidden here
    |                 |
    |                 the lifetime is elided here
    |
    = help: the same lifetime is referred to in inconsistent 
ways, making the signature confusing
help: use `'_` for type paths
    |
259 |     pub fn read(&self) -> RwLockReadGuard<'_, T> {
    |                                           +++

warning: hiding a lifetime that's elided elsewhere is 
confusing
   --> patches\wgpu-core-26.0.1\src\lock\ranked.rs:268:18
    |
268 |     pub fn write(&self) -> RwLockWriteGuard<T> {
    |                  ^^^^^     ^^^^^^^^^^^^^^^^^^^ the same 
lifetime is hidden here
    |                  |
    |                  the lifetime is elided here
    |
    = help: the same lifetime is referred to in inconsistent 
ways, making the signature confusing
help: use `'_` for type paths
    |
268 |     pub fn write(&self) -> RwLockWriteGuard<'_, T> {
    |                                             +++

warning: hiding a lifetime that's elided elsewhere is 
confusing
  --> patches\wgpu-core-26.0.1\src\lock\vanilla.rs:34:17
   |
34 |     pub fn lock(&self) -> MutexGuard<T> {
   |                 ^^^^^     ^^^^^^^^^^^^^ the same 
lifetime is hidden here
   |                 |
   |                 the lifetime is elided here
   |
   = help: the same lifetime is referred to in inconsistent 
ways, making the signature confusing
help: use `'_` for type paths
   |
34 |     pub fn lock(&self) -> MutexGuard<'_, T> {
   |                                      +++

warning: hiding a lifetime that's elided elsewhere is 
confusing
  --> patches\wgpu-core-26.0.1\src\lock\vanilla.rs:90:17
   |
90 |     pub fn read(&self) -> RwLockReadGuard<T> {
   |                 ^^^^^     ^^^^^^^^^^^^^^^^^^ the same 
lifetime is hidden here
   |                 |
   |                 the lifetime is elided here
   |
   = help: the same lifetime is referred to in inconsistent 
ways, making the signature confusing
help: use `'_` for type paths
   |
90 |     pub fn read(&self) -> RwLockReadGuard<'_, T> {
   |                                           +++

warning: hiding a lifetime that's elided elsewhere is 
confusing
  --> patches\wgpu-core-26.0.1\src\lock\vanilla.rs:94:18
   |
94 |     pub fn write(&self) -> RwLockWriteGuard<T> {
   |                  ^^^^^     ^^^^^^^^^^^^^^^^^^^ the same 
lifetime is hidden here
   |                  |
   |                  the lifetime is elided here
   |
   = help: the same lifetime is referred to in inconsistent 
ways, making the signature confusing
help: use `'_` for type paths
   |
94 |     pub fn write(&self) -> RwLockWriteGuard<'_, T> {
   |                                             +++

warning: hiding a lifetime that's elided elsewhere is 
confusing
  --> patches\wgpu-core-26.0.1\src\registry.rs:73:27
   |
73 |     pub(crate) fn prepare(&self, id_in: 
Option<Id<T::Marker>>) -> FutureId<T> {
   |                           ^^^^^ the lifetime is elided 
here       ^^^^^^^^^^^ the same lifetime is hidden here
   |
   = help: the same lifetime is referred to in inconsistent 
ways, making the signature confusing
help: use `'_` for type paths
   |
73 |     pub(crate) fn prepare(&self, id_in: 
Option<Id<T::Marker>>) -> FutureId<'_, T> {
   |                                                          
                  +++

warning: hiding a lifetime that's elided elsewhere is 
confusing
   --> patches\wgpu-core-26.0.1\src\snatch.rs:146:17
    |
146 |     pub fn read(&self) -> SnatchGuard {
    |                 ^^^^^     ^^^^^^^^^^^ the same lifetime 
is hidden here
    |                 |
    |                 the lifetime is elided here
    |
    = help: the same lifetime is referred to in inconsistent 
ways, making the signature confusing
help: use `'_` for type paths
    |
146 |     pub fn read(&self) -> SnatchGuard<'_> {
    |                                      ++++

warning: hiding a lifetime that's elided elsewhere is 
confusing
   --> patches\wgpu-core-26.0.1\src\snatch.rs:157:18
    |
157 |     pub fn write(&self) -> ExclusiveSnatchGuard {
    |                  ^^^^^     ^^^^^^^^^^^^^^^^^^^^ the 
same lifetime is hidden here
    |                  |
    |                  the lifetime is elided here
    |
    = help: the same lifetime is referred to in inconsistent 
ways, making the signature confusing
help: use `'_` for type paths
    |
157 |     pub fn write(&self) -> ExclusiveSnatchGuard<'_> {
    |                                                ++++

warning: `wgpu-core` (lib) generated 12 warnings (run `cargo 
fix --lib -p wgpu-core` to apply 12 suggestions)
    Checking voxel_builder v0.1.0 
(C:\Development\workspace\GitHub\drusniel-voxels)
error: Only non empty structs with named fields are supported!
  --> src\vegetation\grass_material.rs:10:23
   |
10 | #[derive(Clone, Copy, ShaderType, Debug)]
   |                       ^^^^^^^^^^
   |
   = note: this error originates in the derive macro 
`ShaderType` (in Nightly builds, run with -Z macro-backtrace 
for more info)

warning: unused import: `crate::constants::CHUNK_SIZE`
 --> src\vegetation\mod.rs:7:5
  |
7 | use crate::constants::CHUNK_SIZE;
  |     ^^^^^^^^^^^^^^^^^^^^^^^^^^^^
  |
  = note: `#[warn(unused_imports)]` (part of 
`#[warn(unused)]`) on by default

warning: unused variable: `materials`
  --> src\vegetation\grass_material.rs:94:9
   |
94 |     mut materials: ResMut<Assets<GrassMaterial>>,
   |         ^^^^^^^^^ help: if this is intentional, prefix 
it with an underscore: `_materials`
   |
   = note: `#[warn(unused_variables)]` (part of 
`#[warn(unused)]`) on by default

warning: unused variable: `handles`
  --> src\vegetation\grass_material.rs:95:5
   |
95 |     handles: Res<GrassMaterialHandles>,
   |     ^^^^^^^ help: if this is intentional, prefix it with 
an underscore: `_handles`

warning: variable does not need to be mutable
  --> src\vegetation\grass_material.rs:94:5
   |
94 |     mut materials: ResMut<Assets<GrassMaterial>>,
   |     ----^^^^^^^^^
   |     |
   |     help: remove this `mut`
   |
   = note: `#[warn(unused_mut)]` (part of `#[warn(unused)]`) 
on by default

warning: variable `rejected_area` is assigned to, but never 
used
   --> src\vegetation\mod.rs:223:13
    |
223 |     let mut rejected_area = 0;
    |             ^^^^^^^^^^^^^
    |
    = note: consider using `_rejected_area` instead
help: you might have meant to pattern match on the similarly 
named constant `DUNGEON_ENTRANCE_Z`
    |
223 -     let mut rejected_area = 0;
223 +     let mut voxel::terrain::DUNGEON_ENTRANCE_Z = 0;
    |

warning: variable `rejected_normal` is assigned to, but never 
used
   --> src\vegetation\mod.rs:224:13
    |
224 |     let mut rejected_normal = 0;
    |             ^^^^^^^^^^^^^^^
    |
    = note: consider using `_rejected_normal` instead
help: you might have meant to pattern match on the similarly 
named constant `DUNGEON_ENTRANCE_Z`
    |
224 -     let mut rejected_normal = 0;
224 +     let mut voxel::terrain::DUNGEON_ENTRANCE_Z = 0;
    |

warning: variable `accepted` is assigned to, but never used
   --> src\vegetation\mod.rs:225:13
    |
225 |     let mut accepted = 0;
    |             ^^^^^^^^
    |
    = note: consider using `_accepted` instead
help: you might have meant to pattern match on the similarly 
named constant `DUNGEON_ENTRANCE_Z`
    |
225 -     let mut accepted = 0;
225 +     let mut voxel::terrain::DUNGEON_ENTRANCE_Z = 0;
    |

warning: unused variable: `seed_base`
   --> src\vegetation\mod.rs:288:13
    |
288 |         let seed_base = seed_base_bits as i32;
    |             ^^^^^^^^^
    |
help: if this is intentional, prefix it with an underscore
    |
288 |         let _seed_base = seed_base_bits as i32;
    |             +
help: you might have meant to pattern match on the similarly 
named constant `DUNGEON_ENTRANCE_Z`
    |
288 -         let seed_base = seed_base_bits as i32;
288 +         let voxel::terrain::DUNGEON_ENTRANCE_Z = 
seed_base_bits as i32;
    |

warning: `voxel_builder` (lib) generated 8 warnings
error: could not compile `voxel_builder` (lib) due to 1 
previous error; 8 warnings emitted
